[  1/100] Aglaeactis cupripennis               3484 car de wikipedia
[  2/100] Aglaiocercus coelestis               3248 car de wikipedia
[  3/100] Amazilia tzacatl                     4960 car de wikipedia
[  4/100] Amblyrhynchus cristatus              2778 car de wikipedia
[  5/100] Anartia amathea                       993 car de wikipedia
[  6/100] Anas bahamensis                      1872 car de wikipedia
[  7/100] Anous stolidus                       1373 car de wikipedia
[  8/100] Apis mellifera                      19080 car de wikipedia
[  9/100] Baccharis latifolia                  3820 car de wikipedia
[ 10/100] Bodianus diplotaenia                 2908 car de wikipedia
[ 11/100] Boissonneaua flavescens              3493 car de wikipedia
[ 12/100] Bomarea multiflora                   2258 car de wikipedia
[ 13/100] Brachyotum ledifolium                 686 car de wikipedia
[ 14/100] Bursera graveolens                   6071 car de wikipedia
[ 15/100] Butorides sundevalli                  890 car de wikipedia
[ 16/100] Chelonia mydas                      22473 car de wikipedia
[ 17/100] Chelonoidis niger                    3142 car de wikipedia
[ 18/100] Chelonoidis porteri                  2890 car de wikipedia
[ 19/100] Chuquiraga jussieui                  3104 car de wikipedia
[ 20/100] Colibri coruscans                    3448 car de wikipedia
[ 21/100] Colibri delphinae                    3922 car de wikipedia
[ 22/100] Conolophus subcristatus              1337 car de wikipedia
[ 23/100] Coragyps atratus                    21379 car de wikipedia
[ 24/100] Cordia lutea                         2517 car de wikipedia
[ 25/100] Coriaria ruscifolia                  1784 car de wikipedia
[ 26/100] Creagrus furcatus                     615 car de wikipedia
[ 27/100] Croton scouleri                         0 car de wikipedia
[ 28/100] Crotophaga ani                       2285 car de wikipedia
[ 29/100] Cryptocarpus pyriformis               538 car de wikipedia
[ 30/100] Dalea coerulea                          0 car de wikipedia
[ 31/100] Dasyprocta fuliginosa                1444 car de wikipedia
[ 32/100] Dasyprocta punctata                  2719 car de wikipedia
[ 33/100] Disterigma empetrifolium                0 car de wikipedia
[ 34/100] Euphonia xanthogaster                1345 car de wikipedia
[ 35/100] Florisuga mellivora                  4759 car de wikipedia
[ 36/100] Fregata magnificens                  2863 car de wikipedia
[ 37/100] Gaultheria myrsinoides                  0 car de wikipedia
[ 38/100] Gentiana sedifolia                    871 car de wikipedia
[ 39/100] Gentianella cerastioides                0 car de wikipedia
[ 40/100] Gentianella rapunculoides               0 car de wikipedia
[ 41/100] Geospiza fortis                      2824 car de wikipedia
[ 42/100] Geospiza fuliginosa                  1459 car de wikipedia
[ 43/100] Geospiza scandens                    2335 car de wikipedia
[ 44/100] Geospizopsis unicolor                6660 car de wikipedia
[ 45/100] Grapsus grapsus                       991 car de wikipedia
[ 46/100] Halenia weddelliana                   459 car de wikipedia
[ 47/100] Heliodoxa jacula                     3804 car de wikipedia
[ 48/100] Heliodoxa rubinoides                 3800 car de wikipedia
[ 49/100] Hypericum laricifolium                  0 car de wikipedia
[ 50/100] Hypochaeris sessiliflora                0 car de wikipedia
[ 51/100] Jasminocereus thouarsii              6825 car de wikipedia
[ 52/100] Lesbia victoriae                     5232 car de wikipedia
[ 53/100] Leucophaeus fuliginosus               951 car de wikipedia
[ 54/100] Metallura tyrianthina                4217 car de wikipedia
[ 55/100] Miconia crocea                          0 car de wikipedia
[ 56/100] Microlophus albemarlensis            2712 car de wikipedia
[ 57/100] Microlophus bivittatus                278 car de wikipedia
[ 58/100] Microlophus delanonis                   0 car de wikipedia
[ 59/100] Microlophus indefatigabilis             0 car de wikipedia
[ 60/100] Mimosa albida                        2489 car de wikipedia
[ 61/100] Mimus parvulus                        394 car de wikipedia
[ 62/100] Myiarchus magnirostris               2937 car de wikipedia
[ 63/100] Nyctanassa violacea                  1152 car de wikipedia
[ 64/100] Ocreatus underwoodii                 4550 car de wikipedia
[ 65/100] Opisthocomus hoazin                 15344 car de wikipedia
[ 66/100] Opuntia galapageia                   2708 car de wikipedia
[ 67/100] Passiflora cumbalensis                  0 car de wikipedia
[ 68/100] Passiflora mixta                        0 car de wikipedia
[ 69/100] Pelecanus occidentalis                932 car de wikipedia
[ 70/100] Phlegmariurus crassus                   0 car de wikipedia
[ 71/100] Phoenicopterus ruber                 5077 car de wikipedia
[ 72/100] Prionurus laticlavius                2174 car de wikipedia
[ 73/100] Pyrocephalus rubinus                 5193 car de wikipedia
[ 74/100] Ramphocelus icteronotus              2192 car de wikipedia
[ 75/100] Rhizophora mangle                   13128 car de wikipedia
[ 76/100] Rockhausenia nubigena                1930 car de wikipedia
[ 77/100] Scarus ghobban                       1422 car de wikipedia
[ 78/100] Sciurus granatensis                  1268 car de wikipedia
[ 79/100] Setophaga petechia                  11560 car de wikipedia
[ 80/100] Sicalis flaveola                     7695 car de wikipedia
[ 81/100] Spheniscus mendiculus                7052 car de wikipedia
[ 82/100] Sula granti                          5795 car de wikipedia
[ 83/100] Sula nebouxii                        6876 car de wikipedia
[ 84/100] Tangara arthus                       4275 car de wikipedia
[ 85/100] Thalurania colombica                 6775 car de wikipedia
[ 86/100] Thraupis episcopus                   8076 car de wikipedia
[ 87/100] Tradescantia zanonia                 2236 car de wikipedia
[ 88/100] Triaenodon obesus                   18683 car de wikipedia
[ 89/100] Tricerma octogonum                      0 car de wikipedia
[ 90/100] Turdus fuscater                      7440 car de wikipedia
[ 91/100] Tyrannus melancholicus               7507 car de wikipedia
[ 92/100] Uranomitra franciae                  4094 car de wikipedia
[ 93/100] Vaccinium floribundum                3534 car de wikipedia
[ 94/100] Valeriana microphylla                   0 car de wikipedia
[ 95/100] Waltheria ovata                         0 car de wikipedia
[ 96/100] Xylocopa darwini                        0 car de wikipedia
[ 97/100] Zalophus wollebaeki                  8743 car de wikipedia
[ 98/100] Zenaida auriculata                   4350 car de wikipedia
[ 99/100] Zenaida galapagoensis                2444 car de wikipedia
[100/100] Zonotrichia capensis                12545 car de wikipedia

691 fragmentos de 82 especies en fichas.jsonl
18 sin artículo en Wikipedia: Croton scouleri, Dalea coerulea, Disterigma empetrifolium, Gaultheria myrsinoides, Gentianella cerastioides…
